src/app/watch/[id]/page.tsx(2,24): error TS2307: Cannot find module '@/lib/prisma' or its corresponding type declarations.
src/app/watch/[id]/page.tsx(3,33): error TS2307: Cannot find module '@/components/SpaceBackground' or its corresponding type declarations.
src/app/watch/[id]/page.tsx(4,23): error TS2307: Cannot find module '@/components/AppHeader' or its corresponding type declarations.
